{'roomID': UUID('00000000-0000-0000-0000-000000000000'), 'buildingName': 'Carl A. Pollock Building 3', 'roomName': 'CAPB3 1', 'overlappingBookings': 0, 'capacity': 175, 'addressLine1': '966 Philips St E', 'addressLine2': '', 'city': 'Waterloo', 'province': 'Ontario', 'country': 'Canada', 'postalCode': 'L4H 2X4'}
{'roomID': UUID('00000000-0000-0000-0000-000000001353'), 'buildingName': 'Carl A. Pollock Building 3', 'roomName': 'CAPB3 10', 'overlappingBookings': 0, 'capacity': 175, 'addressLine1': '966 Philips St E', 'addressLine2': '', 'city': 'Waterloo', 'province': 'Ontario', 'country': 'Canada', 'postalCode': 'L4H 2X4'}