Booking failed: room does not exist or is already booked.